// Jest Snapshot v1, https://goo.gl/fbAQLP

exports[`Compilation tests Test 1: .js 1`] = `
"var __defProp = Object.defineProperty;
var __markAsModule = (target) => __defProp(target, \\"__esModule\\", { value: true });
var __export = (target, all) => {
  __markAsModule(target);
  for (var name in all)
    __defProp(target, name, { get: all[name], enumerable: true });
};
__export(exports, {
  test: () => test
});
const test = \\"test1\\";
// Annotate the CommonJS export names for ESM import in node:
0 && (module.exports = {
  test
});
//# sourceMappingURL=test1.js.map
"
`;
